﻿
> web-francisca-burgos@0.1.0 build
> tsc && vite build

[36mvite v8.0.9 [32mbuilding client environment for production...[36m[39m
[2K
transforming...Ô£ô 2226 modules transformed.
node.exe : [31mÔ£ù[39m Build failed in 507ms
En línea: 1 Carácter: 1
+ & "C:\Program Files\nodejs/node.exe" "C:\Program Files\nodejs/node_mo ...
+ ~~~~~~~~~~~~~~~~~~~~~~~~~~~~~~~~~~~~~~~~~~~~~~~~~~~~~~~~~~~~~~~~~~~~~
    + CategoryInfo          : NotSpecified: ([31mÔ£ù[39m Build failed in 507ms:String) [], RemoteException
    + FullyQualifiedErrorId : NativeCommandError
 
[31merror during build:
[31mBuild failed with 1 error:

[plugin vite:css] C:/Users/SkyLive/Desktop/protyxs/web-francisca-burgos/src/index.css:undefined:NaN
Error: [postcss] It looks like you're trying to use `tailwindcss` directly as a PostCSS plugin. The PostCSS plugin has 
moved to a separate package, so to continue using Tailwind CSS with PostCSS you'll need to install 
`@tailwindcss/postcss` and update your PostCSS configuration.
    at ft (C:\Users\SkyLive\Desktop\protyxs\web-francisca-burgos\node_modules\tailwindcss\dist\lib.js:38:1643)
    at LazyResult.runOnRoot 
(C:\Users\SkyLive\Desktop\protyxs\web-francisca-burgos\node_modules\postcss\lib\lazy-result.js:361:16)
    at LazyResult.runAsync 
(C:\Users\SkyLive\Desktop\protyxs\web-francisca-burgos\node_modules\postcss\lib\lazy-result.js:290:26)
    at async runPostCSS 
(file:///C:/Users/SkyLive/Desktop/protyxs/web-francisca-burgos/node_modules/vite/dist/node/chunks/node.js:21024:19)
    at async compilePostCSS 
(file:///C:/Users/SkyLive/Desktop/protyxs/web-francisca-burgos/node_modules/vite/dist/node/chunks/node.js:21008:6)
    at async compileCSS 
(file:///C:/Users/SkyLive/Desktop/protyxs/web-francisca-burgos/node_modules/vite/dist/node/chunks/node.js:20938:26)
    at async TransformPluginContextImpl.handler 
(file:///C:/Users/SkyLive/Desktop/protyxs/web-francisca-burgos/node_modules/vite/dist/node/chunks/node.js:20451:47)
    at async plugin (file:///C:/Users/SkyLive/Desktop/protyxs/web-francisca-burgos/node_modules/rolldown/dist/shared/bi
ndingify-input-options-aPVaxNxQ.mjs:1172:16)
    at async plugin.<computed> (file:///C:/Users/SkyLive/Desktop/protyxs/web-francisca-burgos/node_modules/rolldown/dis
t/shared/bindingify-input-options-aPVaxNxQ.mjs:1612:12)[31m
    at aggregateBindingErrorsIntoJsError (file:///C:/Users/SkyLive/Desktop/protyxs/web-francisca-burgos/node_modules/ro
lldown/dist/shared/error-DAA7ncC5.mjs:48:18)
    at unwrapBindingResult (file:///C:/Users/SkyLive/Desktop/protyxs/web-francisca-burgos/node_modules/rolldown/dist/sh
ared/error-DAA7ncC5.mjs:18:128)
    at #build (file:///C:/Users/SkyLive/Desktop/protyxs/web-francisca-burgos/node_modules/rolldown/dist/shared/rolldown
-build-BPKCFYpX.mjs:3317:34)
    at async buildEnvironment 
(file:///C:/Users/SkyLive/Desktop/protyxs/web-francisca-burgos/node_modules/vite/dist/node/chunks/node.js:32999:64)
    at async Object.build 
(file:///C:/Users/SkyLive/Desktop/protyxs/web-francisca-burgos/node_modules/vite/dist/node/chunks/node.js:33421:19)
    at async Object.buildApp 
(file:///C:/Users/SkyLive/Desktop/protyxs/web-francisca-burgos/node_modules/vite/dist/node/chunks/node.js:33418:153)
    at async CAC.<anonymous> 
(file:///C:/Users/SkyLive/Desktop/protyxs/web-francisca-burgos/node_modules/vite/dist/node/cli.js:778:3) {
  errors: [Getter/Setter]
}[39m
